Registering user...
Registration failed or user already exists.
Logging in...
powershell.exe : Invoke-RestMethod : Errore del server remoto: (401) Non autorizzato.
In riga:1 car:1
+ powershell.exe -ExecutionPolicy Bypass -File .\test_endpoints.ps1 > t ...
+ ~~~~~~~~~~~~~~~~~~~~~~~~~~~~~~~~~~~~~~~~~~~~~~~~~~~~~~~~~~~~~~~~~~~~~
    + CategoryInfo          : NotSpecified: (Invoke-RestMeth...on autorizzato.:String) [], RemoteException
    + FullyQualifiedErrorId : NativeCommandError
 
In C:\Users\gabri\IdeaProjects\taskboard-platform\test_endpoints.ps1:26 car:18
+ ... nResponse = Invoke-RestMethod -Uri "$authUrl/token" -Method Post -Bod ...
+                 ~~~~~~~~~~~~~~~~~~~~~~~~~~~~~~~~~~~~~~~~~~~~~~~~~~~~~~~~~
    + CategoryInfo          : InvalidOperation: (System.Net.HttpWebRequest:HttpWebRequest) [Invoke-RestMethod], WebExc 
   eption
    + FullyQualifiedErrorId : WebCmdletWebResponseException,Microsoft.PowerShell.Commands.InvokeRestMethodCommand
 
Token: 
Creating board...
Invoke-RestMethod : Errore del server remoto: (401) Non autorizzato.
In C:\Users\gabri\IdeaProjects\taskboard-platform\test_endpoints.ps1:41 car:10
+ $board = Invoke-RestMethod -Uri "$projectUrl/boards" -Method Post -Bo ...
+          ~~~~~~~~~~~~~~~~~~~~~~~~~~~~~~~~~~~~~~~~~~~~~~~~~~~~~~~~~~~~
    + CategoryInfo          : InvalidOperation: (System.Net.HttpWebRequest:HttpWebRequest) [Invoke-RestMethod], WebExc 
   eption
    + FullyQualifiedErrorId : WebCmdletWebResponseException,Microsoft.PowerShell.Commands.InvokeRestMethodCommand
 
Created Board ID: 
Getting all boards...
Invoke-RestMethod : Errore del server remoto: (401) Non autorizzato.
In C:\Users\gabri\IdeaProjects\taskboard-platform\test_endpoints.ps1:47 car:11
+ $boards = Invoke-RestMethod -Uri "$projectUrl/boards" -Method Get -He ...
+           ~~~~~~~~~~~~~~~~~~~~~~~~~~~~~~~~~~~~~~~~~~~~~~~~~~~~~~~~~~~
    + CategoryInfo          : InvalidOperation: (System.Net.HttpWebRequest:HttpWebRequest) [Invoke-RestMethod], WebExc 
   eption
    + FullyQualifiedErrorId : WebCmdletWebResponseException,Microsoft.PowerShell.Commands.InvokeRestMethodCommand
 
Boards:  
Creating card...
Invoke-RestMethod : Errore del server remoto: (401) Non autorizzato.
In C:\Users\gabri\IdeaProjects\taskboard-platform\test_endpoints.ps1:59 car:9
+ $card = Invoke-RestMethod -Uri "$projectUrl/cards" -Method Post -Body ...
+         ~~~~~~~~~~~~~~~~~~~~~~~~~~~~~~~~~~~~~~~~~~~~~~~~~~~~~~~~~~~~~
    + CategoryInfo          : InvalidOperation: (System.Net.HttpWebRequest:HttpWebRequest) [Invoke-RestMethod], WebExc 
   eption
    + FullyQualifiedErrorId : WebCmdletWebResponseException,Microsoft.PowerShell.Commands.InvokeRestMethodCommand
 
Created Card ID: 
Getting cards for board ...
Invoke-RestMethod : 
{"timestamp":"2026-03-25T21:20:52.635+00:00","path":"/api/projects/cards/board/","status":404,"error":"Not 
Found","requestId":"d0fe4e1c-27"}
In C:\Users\gabri\IdeaProjects\taskboard-platform\test_endpoints.ps1:65 car:10
+ $cards = Invoke-RestMethod -Uri "$projectUrl/cards/board/$boardId" -M ...
+          ~~~~~~~~~~~~~~~~~~~~~~~~~~~~~~~~~~~~~~~~~~~~~~~~~~~~~~~~~~~~
    + CategoryInfo          : InvalidOperation: (System.Net.HttpWebRequest:HttpWebRequest) [Invoke-RestMethod], WebExc 
   eption
    + FullyQualifiedErrorId : WebCmdletWebResponseException,Microsoft.PowerShell.Commands.InvokeRestMethodCommand
Cards:  
All tests finished.
